// Jest Snapshot v1, https://goo.gl/fbAQLP

exports[`<Home /> should render the Home page 1`] = `
<div>
  <div
    className="container"
  >
    <div
      className="row justify-content-center"
    >
      <div
        className="col-md-8"
      >
        <span>
          Home
        </span>
        <div>
          <div
            className="Helix__Wrapper-cp6bo4-0 cjIVni"
          >
            <div
              className="Helix__Ball-cp6bo4-1 clhhrB"
              color="#999"
            />
            <div
              className="Helix__Ball-cp6bo4-1 iRCocf"
              color="#fdb37f"
            />
            <div
              className="Helix__Ball-cp6bo4-1 gNcHQO"
              color="#999"
            />
            <div
              className="Helix__Ball-cp6bo4-1 eRGIja"
              color="#fdb37f"
            />
            <div
              className="Helix__Ball-cp6bo4-1 gECWUa"
              color="#999"
            />
            <div
              className="Helix__Ball-cp6bo4-1 etxdnv"
              color="#fdb37f"
            />
            <div
              className="Helix__Ball-cp6bo4-1 jYSSdW"
              color="#999"
            />
            <div
              className="Helix__Ball-cp6bo4-1 eoxFGo"
              color="#fdb37f"
            />
            <div
              className="Helix__Ball-cp6bo4-1 ljIssp"
              color="#999"
            />
            <div
              className="Helix__Ball-cp6bo4-1 dCdHXi"
              color="#fdb37f"
            />
            <div
              className="Helix__Ball-cp6bo4-1 HtTLA"
              color="#999"
            />
            <div
              className="Helix__Ball-cp6bo4-1 fHpCVq"
              color="#fdb37f"
            />
            <div
              className="Helix__Ball-cp6bo4-1 zVCro"
              color="#999"
            />
            <div
              className="Helix__Ball-cp6bo4-1 jkRuVq"
              color="#fdb37f"
            />
            <div
              className="Helix__Ball-cp6bo4-1 sODWZ"
              color="#999"
            />
            <div
              className="Helix__Ball-cp6bo4-1 gLVTWG"
              color="#fdb37f"
            />
            <div
              className="Helix__Ball-cp6bo4-1 jHssyC"
              color="#999"
            />
            <div
              className="Helix__Ball-cp6bo4-1 cuMHgZ"
              color="#fdb37f"
            />
            <div
              className="Helix__Ball-cp6bo4-1 iQcLNv"
              color="#999"
            />
            <div
              className="Helix__Ball-cp6bo4-1 dZrSbB"
              color="#fdb37f"
            />
            <div
              className="Helix__Ball-cp6bo4-1 hDQxzH"
              color="#999"
            />
            <div
              className="Helix__Ball-cp6bo4-1 eLSaSi"
              color="#fdb37f"
            />
            <div
              className="Helix__Ball-cp6bo4-1 gzXhWP"
              color="#999"
            />
            <div
              className="Helix__Ball-cp6bo4-1 dHTErS"
              color="#fdb37f"
            />
            <div
              className="Helix__Ball-cp6bo4-1 ikzrKy"
              color="#999"
            />
            <div
              className="Helix__Ball-cp6bo4-1 gOWKkG"
              color="#fdb37f"
            />
            <div
              className="Helix__Ball-cp6bo4-1 bMqWQx"
              color="#999"
            />
            <div
              className="Helix__Ball-cp6bo4-1 inMFxn"
              color="#fdb37f"
            />
            <div
              className="Helix__Ball-cp6bo4-1 giDYQx"
              color="#999"
            />
            <div
              className="Helix__Ball-cp6bo4-1 eAJkJa"
              color="#fdb37f"
            />
            <div
              className="Helix__Ball-cp6bo4-1 fLVYCX"
              color="#999"
            />
            <div
              className="Helix__Ball-cp6bo4-1 hbDqcy"
              color="#fdb37f"
            />
            <div
              className="Helix__Ball-cp6bo4-1 bsmZNP"
              color="#999"
            />
            <div
              className="Helix__Ball-cp6bo4-1 jBtjpU"
              color="#fdb37f"
            />
            <div
              className="Helix__Ball-cp6bo4-1 fkRYfR"
              color="#999"
            />
            <div
              className="Helix__Ball-cp6bo4-1 jxwBAM"
              color="#fdb37f"
            />
            <div
              className="Helix__Ball-cp6bo4-1 bysPbz"
              color="#999"
            />
            <div
              className="Helix__Ball-cp6bo4-1 fbZhbb"
              color="#fdb37f"
            />
            <div
              className="Helix__Ball-cp6bo4-1 dIbyoz"
              color="#999"
            />
            <div
              className="Helix__Ball-cp6bo4-1 fikddt"
              color="#fdb37f"
            />
            <div
              className="Helix__Ball-cp6bo4-1 liWSSb"
              color="#999"
            />
            <div
              className="Helix__Ball-cp6bo4-1 ewqnWd"
              color="#fdb37f"
            />
            <div
              className="Helix__Ball-cp6bo4-1 ghIgvk"
              color="#999"
            />
            <div
              className="Helix__Ball-cp6bo4-1 jNyTLu"
              color="#fdb37f"
            />
            <div
              className="Helix__Ball-cp6bo4-1 fionMS"
              color="#999"
            />
            <div
              className="Helix__Ball-cp6bo4-1 ldsUFp"
              color="#fdb37f"
            />
            <div
              className="Helix__Ball-cp6bo4-1 jznCDV"
              color="#999"
            />
            <div
              className="Helix__Ball-cp6bo4-1 Ohwpx"
              color="#fdb37f"
            />
            <div
              className="Helix__Ball-cp6bo4-1 bIdXif"
              color="#999"
            />
            <div
              className="Helix__Ball-cp6bo4-1 bIdbIy"
              color="#fdb37f"
            />
            <div
              className="Helix__Ball-cp6bo4-1 bIZQQO"
              color="#999"
            />
            <div
              className="Helix__Ball-cp6bo4-1 etOaKQ"
              color="#fdb37f"
            />
            <div
              className="Helix__Ball-cp6bo4-1 elhZEo"
              color="#999"
            />
            <div
              className="Helix__Ball-cp6bo4-1 ckfSpf"
              color="#fdb37f"
            />
            <div
              className="Helix__Ball-cp6bo4-1 gxdgju"
              color="#999"
            />
            <div
              className="Helix__Ball-cp6bo4-1 koJEBQ"
              color="#fdb37f"
            />
            <div
              className="Helix__Ball-cp6bo4-1 eOgCuO"
              color="#999"
            />
            <div
              className="Helix__Ball-cp6bo4-1 fUksll"
              color="#fdb37f"
            />
            <div
              className="Helix__Ball-cp6bo4-1 dAIvCd"
              color="#999"
            />
            <div
              className="Helix__Ball-cp6bo4-1 kzdPYi"
              color="#fdb37f"
            />
            <div
              className="Helix__Ball-cp6bo4-1 igqOAu"
              color="#999"
            />
            <div
              className="Helix__Ball-cp6bo4-1 eHuPod"
              color="#fdb37f"
            />
            <div
              className="Helix__Ball-cp6bo4-1 TLNig"
              color="#999"
            />
            <div
              className="Helix__Ball-cp6bo4-1 iNLFXc"
              color="#fdb37f"
            />
            <div
              className="Helix__Ball-cp6bo4-1 hRFnHh"
              color="#999"
            />
            <div
              className="Helix__Ball-cp6bo4-1 klEqHh"
              color="#fdb37f"
            />
            <div
              className="Helix__Ball-cp6bo4-1 cprJkT"
              color="#999"
            />
            <div
              className="Helix__Ball-cp6bo4-1 gsyuh"
              color="#fdb37f"
            />
            <div
              className="Helix__Ball-cp6bo4-1 bjxpqy"
              color="#999"
            />
            <div
              className="Helix__Ball-cp6bo4-1 fFEOag"
              color="#fdb37f"
            />
            <div
              className="Helix__Ball-cp6bo4-1 GQgyo"
              color="#999"
            />
            <div
              className="Helix__Ball-cp6bo4-1 gawNIV"
              color="#fdb37f"
            />
          </div>
        </div>
      </div>
    </div>
  </div>
</div>
`;
