// Jest Snapshot v1, https://goo.gl/fbAQLP

exports[`<Partials /> should match Footer snapshot 1`] = `
<div
  className="Footer__Wrapper-s1j3fe0c-0 XSWiM"
>
  <div
    className="footer__inner"
  >
    ©Example
    <select
      className="language-switch"
      onChange={[Function]}
      value="en"
    >
      <option
        value="en"
      >
        en
      </option>
      <option
        value="ka"
      >
        ka
      </option>
    </select>
  </div>
</div>
`;

exports[`<Partials /> should match Navigation snapshot 1`] = `
<div
  className="Navigation__Wrapper-s10ex460-0 jIdUJl"
>
  <a
    aria-current="true"
    className="Navigation__Link-s10ex460-1 iyPCle active"
    href="/"
    onClick={[Function]}
    style={Object {}}
  >
    Home
  </a>
  <a
    aria-current={false}
    className="Navigation__Link-s10ex460-1 iyPCle"
    href="/contributors"
    onClick={[Function]}
    style={undefined}
  >
    Contributors
  </a>
</div>
`;

exports[`<Partials /> should match Navigation snapshot when route is /contributors 1`] = `
<div
  className="Navigation__Wrapper-s10ex460-0 jIdUJl"
>
  <a
    aria-current={false}
    className="Navigation__Link-s10ex460-1 iyPCle"
    href="/"
    onClick={[Function]}
    style={undefined}
  >
    Home
  </a>
  <a
    aria-current="true"
    className="Navigation__Link-s10ex460-1 iyPCle active"
    href="/contributors"
    onClick={[Function]}
    style={Object {}}
  >
    Contributors
  </a>
</div>
`;
