// Jest Snapshot v1, https://goo.gl/fbAQLP

exports[`<Partials /> should match Footer snapshot 1`] = `
<div
  className="Footer__Wrapper-nvyc1g-0 bcigjm"
>
  <div
    className="footer__inner"
  >
    ©Example
    <select
      className="language-switch"
      onChange={[Function]}
      value="en"
    >
      <option
        value="en"
      >
        en
      </option>
      <option
        value="ka"
      >
        ka
      </option>
    </select>
  </div>
</div>
`;

exports[`<Partials /> should match Navigation snapshot 1`] = `
<div
  className="Navigation__Wrapper-t7ran0-0 kHXwQv"
>
  <a
    aria-current="page"
    className="Navigation__Link-t7ran0-1 JWnMa active"
    href="/"
    onClick={[Function]}
    style={Object {}}
  >
    Home
  </a>
  <a
    aria-current={null}
    className="Navigation__Link-t7ran0-1 JWnMa"
    href="/contributors"
    onClick={[Function]}
  >
    Contributors
  </a>
</div>
`;

exports[`<Partials /> should match Navigation snapshot when route is /contributors 1`] = `
<div
  className="Navigation__Wrapper-t7ran0-0 kHXwQv"
>
  <a
    aria-current={null}
    className="Navigation__Link-t7ran0-1 JWnMa"
    href="/"
    onClick={[Function]}
  >
    Home
  </a>
  <a
    aria-current="page"
    className="Navigation__Link-t7ran0-1 JWnMa active"
    href="/contributors"
    onClick={[Function]}
    style={Object {}}
  >
    Contributors
  </a>
</div>
`;
